---
created: "2019-08-28T17:42:00.291445Z"
creator: insta@0.10.1
source: general/src/datascrubbing/convert.rs
expression: data.to_json_pretty().unwrap()
---
{
  "extra": {
    "foo": "pg://matt:[email]/1"
  },
  "_meta": {
    "extra": {
      "foo": {
        "": {
          "rem": [
            [
              "@email",
              "s",
              10,
              17
            ]
          ],
          "len": 26
        }
      }
    }
  }
}
