---
source: general/src/datascrubbing/convert.rs
expression: data
---
{
  "extra": {
    "foo": "[filtered]"
  },
  "_meta": {
    "extra": {
      "foo": {
        "": {
          "rem": [
            [
              "@creditcard:filter",
              "s",
              0,
              10
            ]
          ],
          "len": 15
        }
      }
    }
  }
}
