---
source: general/src/datascrubbing/convert.rs
expression: data
---
{
  "extra": {
    "MYSQL_PWD": null
  },
  "_meta": {
    "extra": {
      "MYSQL_PWD": {
        "": {
          "rem": [
            [
              "@password",
              "x"
            ]
          ]
        }
      }
    }
  }
}
