---
source: general/src/datascrubbing/convert.rs
expression: data
---
{
  "extra": {
    "s": "\"\"-----BEGIN RSA PRIVATE KEY-----\n[pemkey]\n-----END RSA PRIVATE KEY-----\"\""
  },
  "_meta": {
    "extra": {
      "s": {
        "": {
          "rem": [
            [
              "@pemkey",
              "s",
              34,
              42
            ]
          ],
          "len": 260
        }
      }
    }
  }
}
