---
source: general/src/datascrubbing/convert.rs
expression: data
---
{
  "breadcrumbs": {
    "values": [
      {
        "message": "[Filtered]"
      }
    ]
  },
  "_meta": {
    "breadcrumbs": {
      "values": {
        "0": {
          "message": {
            "": {
              "rem": [
                [
                  "strip-fields",
                  "s",
                  0,
                  10
                ]
              ],
              "len": 68
            }
          }
        }
      }
    }
  }
}
