---
source: general/src/datascrubbing/convert.rs
expression: data
---
{
  "extra": {
    "foo": "'[creditcard]'"
  },
  "_meta": {
    "extra": {
      "foo": {
        "": {
          "rem": [
            [
              "@creditcard",
              "s",
              1,
              13
            ]
          ],
          "len": 18
        }
      }
    }
  }
}
