---
source: relay-pii/src/convert.rs
expression: data
---
{
  "extra": {
    "password": "[Filtered]"
  },
  "_meta": {
    "extra": {
      "password": {
        "": {
          "rem": [
            [
              "@password:filter",
              "s",
              0,
              10
            ]
          ],
          "len": 11
        }
      }
    }
  }
}
