---
source: relay-pii/src/convert.rs
expression: data
---
{
  "logentry": {
    "formatted": "hello world!"
  }
}
