---
source: relay-pii/src/eap.rs
expression: SerializableAnnotated(&data)
---
{
  "api_key": {
    "type": "string",
    "value": "[Filtered]"
  },
  "auth_token": {
    "type": "string",
    "value": "[Filtered]"
  },
  "authorization": {
    "type": "string",
    "value": "[Filtered]"
  },
  "bank_account": {
    "type": "string",
    "value": "[Filtered]"
  },
  "client_ip": {
    "type": "string",
    "value": "[ip]"
  },
  "credit_card": {
    "type": "string",
    "value": "[Filtered]"
  },
  "database_url": {
    "type": "string",
    "value": "[Filtered]"
  },
  "device_imei": {
    "type": "string",
    "value": "356938035643809"
  },
  "file_path": {
    "type": "string",
    "value": "[Filtered]"
  },
  "iban_code": {
    "type": "string",
    "value": "[Filtered]"
  },
  "ipv6_addr": {
    "type": "string",
    "value": "[ip]"
  },
  "mac_address": {
    "type": "string",
    "value": "4a:00:04:10:9b:50"
  },
  "password": {
    "type": "string",
    "value": "[Filtered]"
  },
  "private_key": {
    "type": "string",
    "value": "[Filtered]"
  },
  "public_data": {
    "type": "string",
    "value": "public_data"
  },
  "secret": {
    "type": "string",
    "value": "[Filtered]"
  },
  "sentry.description": {
    "type": "string",
    "value": "secret123"
  },
  "sentry.release": {
    "type": "string",
    "value": "secret123"
  },
  "session_id": {
    "type": "string",
    "value": "ceee0822-ed8f-4622-b2a3-789e73e75cd1"
  },
  "social_security": {
    "type": "string",
    "value": "[Filtered]"
  },
  "unix_path": {
    "type": "string",
    "value": "/home/alice/private/data.json"
  },
  "url.path": {
    "type": "string",
    "value": "secret123"
  },
  "user.name": {
    "type": "string",
    "value": "[Filtered]"
  },
  "user_email": {
    "type": "string",
    "value": "john.doe@example.com"
  },
  "very_sensitive_data": {
    "type": "string",
    "value": "[Filtered]"
  },
  "visa_card": {
    "type": "string",
    "value": "[Filtered]"
  },
  "_meta": {
    "api_key": {
      "value": {
        "": {
          "rem": [
            [
              "@password:filter",
              "s",
              0,
              10
            ]
          ],
          "len": 19
        }
      }
    },
    "auth_token": {
      "value": {
        "": {
          "rem": [
            [
              "@password:filter",
              "s",
              0,
              10
            ]
          ],
          "len": 16
        }
      }
    },
    "authorization": {
      "value": {
        "": {
          "rem": [
            [
              "@bearer:filter",
              "s",
              0,
              10
            ]
          ],
          "len": 43
        }
      }
    },
    "bank_account": {
      "value": {
        "": {
          "rem": [
            [
              "@iban:filter",
              "s",
              0,
              10
            ]
          ],
          "len": 22
        }
      }
    },
    "client_ip": {
      "value": {
        "": {
          "rem": [
            [
              "@ip:replace",
              "s",
              0,
              4
            ]
          ],
          "len": 13
        }
      }
    },
    "credit_card": {
      "value": {
        "": {
          "rem": [
            [
              "@creditcard:filter",
              "s",
              0,
              10
            ]
          ],
          "len": 16
        }
      }
    },
    "database_url": {
      "value": {
        "": {
          "rem": [
            [
              "@password:filter",
              "s",
              0,
              10
            ]
          ],
          "len": 40
        }
      }
    },
    "file_path": {
      "value": {
        "": {
          "rem": [
            [
              "@password:filter",
              "s",
              0,
              10
            ]
          ],
          "len": 34
        }
      }
    },
    "iban_code": {
      "value": {
        "": {
          "rem": [
            [
              "@iban:filter",
              "s",
              0,
              10
            ]
          ],
          "len": 15
        }
      }
    },
    "ipv6_addr": {
      "value": {
        "": {
          "rem": [
            [
              "@ip:replace",
              "s",
              0,
              4
            ]
          ],
          "len": 39
        }
      }
    },
    "password": {
      "value": {
        "": {
          "rem": [
            [
              "@password:filter",
              "s",
              0,
              10
            ]
          ],
          "len": 9
        }
      }
    },
    "private_key": {
      "value": {
        "": {
          "rem": [
            [
              "@password:filter",
              "s",
              0,
              10
            ]
          ],
          "len": 118
        }
      }
    },
    "secret": {
      "value": {
        "": {
          "rem": [
            [
              "@password:filter",
              "s",
              0,
              10
            ]
          ],
          "len": 9
        }
      }
    },
    "social_security": {
      "value": {
        "": {
          "rem": [
            [
              "@usssn:filter",
              "s",
              0,
              10
            ]
          ],
          "len": 11
        }
      }
    },
    "user.name": {
      "value": {
        "": {
          "rem": [
            [
              "@password:filter",
              "s",
              0,
              10
            ]
          ],
          "len": 9
        }
      }
    },
    "very_sensitive_data": {
      "value": {
        "": {
          "rem": [
            [
              "strip-fields",
              "s",
              0,
              10
            ]
          ],
          "len": 19
        }
      }
    },
    "visa_card": {
      "value": {
        "": {
          "rem": [
            [
              "@creditcard:filter",
              "s",
              0,
              10
            ]
          ],
          "len": 19
        }
      }
    }
  }
}
