---
source: relay-pii/src/convert.rs
expression: data
---
{
  "attributes": {
    "gen_ai.prompt": {
      "value": "Buy me a drink with my creditcard [creditcard]"
    },
    "mcp.prompt.result": {
      "value": "Contact me at [email] or use card [Filtered]"
    },
    "mcp.tool.result.content": {
      "value": "My email is [email] and I accept payments"
    }
  },
  "_meta": {
    "attributes": {
      "gen_ai.prompt": {
        "value": {
          "": {
            "rem": [
              [
                "@creditcard:replace",
                "s",
                34,
                46
              ]
            ],
            "len": 53
          }
        }
      },
      "mcp.prompt.result": {
        "value": {
          "": {
            "rem": [
              [
                "@email:replace",
                "s",
                14,
                21
              ],
              [
                "@creditcard:filter",
                "s",
                34,
                44
              ]
            ],
            "len": 62
          }
        }
      },
      "mcp.tool.result.content": {
        "value": {
          "": {
            "rem": [
              [
                "@email:replace",
                "s",
                12,
                19
              ]
            ],
            "len": 49
          }
        }
      }
    }
  }
}
