---
source: relay-general/src/pii/processor.rs
expression: span
---
{
  "data": {
    "http": {
      "query": "dance=true"
    }
  }
}
