---
source: relay-general/src/pii/convert.rs
expression: data
---
{
  "request": {
    "env": {
      "REMOTE_ADDR": null
    }
  },
  "_meta": {
    "request": {
      "env": {
        "REMOTE_ADDR": {
          "": {
            "rem": [
              [
                "@anything:remove",
                "x"
              ]
            ]
          }
        }
      }
    }
  }
}
