---
source: relay-general/src/pii/convert.rs
expression: data
---
{
  "extra": {
    "mysql_pwd": "[Filtered]"
  },
  "_meta": {
    "extra": {
      "mysql_pwd": {
        "": {
          "rem": [
            [
              "@anything:filter",
              "s",
              0,
              10
            ]
          ],
          "len": 7
        }
      }
    }
  }
}
