---
source: relay-server/src/processing/spans/process.rs
expression: SerializableAnnotated(&data.value().unwrap().attributes)
---
{
  "@bearer:mask|Bearer eyJhbGciOiJIUzI1NiIsInR5cCI6IkpXVCJ9": {
    "type": "string",
    "value": "*******************************************"
  },
  "_meta": {
    "@bearer:mask|Bearer eyJhbGciOiJIUzI1NiIsInR5cCI6IkpXVCJ9": {
      "value": {
        "": {
          "rem": [
            [
              "@bearer:mask",
              "m",
              0,
              43
            ]
          ],
          "len": 43
        }
      }
    }
  }
}
