---
source: relay-general/tests/test_fixtures.rs
expression: SerializableAnnotated(&event)
---
event_id: 6f6e2d3fa0754d14b37a2bec59619a98
level: error
type: error
logger: ""
modules:
  Assembly-CSharp: 0.0.0.0
  Assembly-CSharp-Editor: 0.0.0.0
  ExCSS.Unity: 2.0.6.0
  JetBrains.Rider.Unity.Editor.Plugin.Full.Repacked: 2021.1.3.139
  Microsoft.Bcl.AsyncInterfaces: 5.0.0.0
  Mono.Security: 4.0.0.0
  Sentry: 3.6.0.0
  Sentry.Unity: 0.3.1.0
  Sentry.Unity.Editor: 0.3.1.0
  Sentry.Unity.Editor.Tests: 0.3.1.0
  Sentry.Unity.Tests: 0.3.1.0
  System: 4.0.0.0
  System.Buffers: 4.0.3.0
  System.Collections.Immutable: 5.0.0.0
  System.Configuration: 4.0.0.0
  System.Core: 4.0.0.0
  System.Memory: 4.0.1.1
  System.Net.Http: 4.0.0.0
  System.Numerics.Vectors: 4.1.4.0
  System.Reflection.Metadata: 5.0.0.0
  System.Runtime.CompilerServices.Unsafe: 5.0.0.0
  System.Text.Encodings.Web: 5.0.0.1
  System.Text.Json: 5.0.0.0
  System.Threading.Tasks.Extensions: 4.2.0.1
  System.Xml: 4.0.0.0
  System.Xml.Linq: 4.0.0.0
  Unity.Cecil: 0.10.0.0
  Unity.CompilationPipeline.Common: 0.0.0.0
  Unity.Legacy.NRefactory: 1.0.0.0
  Unity.Rider.Editor: 0.0.0.0
  Unity.SerializationLogic: 1.0.0.0
  Unity.Sysroot.Linux_x86_64: 0.0.0.0
  Unity.SysrootPackage.Editor: 1.0.0.0
  Unity.Toolchain.Macos-x86_64-Linux-x86_64: 0.0.0.0
  UnityEditor: 0.0.0.0
  UnityEditor.Android.Extensions: 0.0.0.0
  UnityEditor.Graphs: 0.0.0.0
  UnityEditor.TestRunner: 1.0.0.0
  UnityEditor.UI: 1.0.0.0
  UnityEditor.VR: 0.0.0.0
  UnityEditor.WebGL.Extensions: 1.0.0.0
  UnityEditor.WindowsStandalone.Extensions: 0.0.0.0
  UnityEngine: 0.0.0.0
  UnityEngine.AIModule: 0.0.0.0
  UnityEngine.ARModule: 0.0.0.0
  UnityEngine.AccessibilityModule: 0.0.0.0
  UnityEngine.AndroidJNIModule: 0.0.0.0
  UnityEngine.AnimationModule: 0.0.0.0
  UnityEngine.AssetBundleModule: 0.0.0.0
  UnityEngine.AudioModule: 0.0.0.0
  UnityEngine.ClothModule: 0.0.0.0
  UnityEngine.ClusterInputModule: 0.0.0.0
  UnityEngine.ClusterRendererModule: 0.0.0.0
  UnityEngine.CoreModule: 0.0.0.0
  UnityEngine.CrashReportingModule: 0.0.0.0
  UnityEngine.DSPGraphModule: 0.0.0.0
  UnityEngine.DirectorModule: 0.0.0.0
  UnityEngine.GameCenterModule: 0.0.0.0
  UnityEngine.GridModule: 0.0.0.0
  UnityEngine.HotReloadModule: 0.0.0.0
  UnityEngine.IMGUIModule: 0.0.0.0
  UnityEngine.ImageConversionModule: 0.0.0.0
  UnityEngine.InputLegacyModule: 0.0.0.0
  UnityEngine.InputModule: 0.0.0.0
  UnityEngine.JSONSerializeModule: 0.0.0.0
  UnityEngine.LocalizationModule: 0.0.0.0
  UnityEngine.ParticleSystemModule: 0.0.0.0
  UnityEngine.PerformanceReportingModule: 0.0.0.0
  UnityEngine.Physics2DModule: 0.0.0.0
  UnityEngine.PhysicsModule: 0.0.0.0
  UnityEngine.ProfilerModule: 0.0.0.0
  UnityEngine.ScreenCaptureModule: 0.0.0.0
  UnityEngine.SharedInternalsModule: 0.0.0.0
  UnityEngine.SpriteMaskModule: 0.0.0.0
  UnityEngine.SpriteShapeModule: 0.0.0.0
  UnityEngine.StreamingModule: 0.0.0.0
  UnityEngine.SubstanceModule: 0.0.0.0
  UnityEngine.SubsystemsModule: 0.0.0.0
  UnityEngine.TLSModule: 0.0.0.0
  UnityEngine.TerrainModule: 0.0.0.0
  UnityEngine.TerrainPhysicsModule: 0.0.0.0
  UnityEngine.TestRunner: 1.0.0.0
  UnityEngine.TextCoreModule: 0.0.0.0
  UnityEngine.TextRenderingModule: 0.0.0.0
  UnityEngine.TilemapModule: 0.0.0.0
  UnityEngine.UI: 1.0.0.0
  UnityEngine.UIElementsModule: 0.0.0.0
  UnityEngine.UIModule: 0.0.0.0
  UnityEngine.UNETModule: 0.0.0.0
  UnityEngine.UmbraModule: 0.0.0.0
  UnityEngine.UnityAnalyticsModule: 0.0.0.0
  UnityEngine.UnityConnectModule: 0.0.0.0
  UnityEngine.UnityTestProtocolModule: 0.0.0.0
  UnityEngine.UnityWebRequestAssetBundleModule: 0.0.0.0
  UnityEngine.UnityWebRequestAudioModule: 0.0.0.0
  UnityEngine.UnityWebRequestModule: 0.0.0.0
  UnityEngine.UnityWebRequestTextureModule: 0.0.0.0
  UnityEngine.UnityWebRequestWWWModule: 0.0.0.0
  UnityEngine.VFXModule: 0.0.0.0
  UnityEngine.VRModule: 0.0.0.0
  UnityEngine.VehiclesModule: 0.0.0.0
  UnityEngine.VideoModule: 0.0.0.0
  UnityEngine.WindModule: 0.0.0.0
  UnityEngine.XRModule: 0.0.0.0
  mscorlib: 4.0.0.0
  netstandard: 2.0.0.0
  nunit.framework: 3.5.0.0
platform: csharp
timestamp: "[timestamp]"
received: "[received]"
release: "0.1"
environment: editor
contexts:
  Current Culture:
    Calendar: GregorianCalendar
    DisplayName: English (United States)
    Name: en-US
    type: Current Culture
  app:
    app_start_time: "2021-07-01T08:17:02.531426+00:00"
    build_type: debug
    type: app
  device:
    name: DESKTOP-23F43DQ
    model: XPS 15 9570 (Dell Inc.)
    battery_level: 100
    simulator: true
    memory_size: ~
    boot_time: ~
    timezone: ~
    processor_count: 12
    cpu_description: Intel(R) Core(TM) i7-8750H CPU @ 2.20GHz
    device_type: Desktop
    battery_status: Full
    supports_vibration: false
    timezone_display_name: "(UTC+02:00) Helsinki, Kyiv, Riga, Sofia, Tallinn, Vilnius"
    type: device
  gpu:
    name: NVIDIA GeForce GTX 1050 Ti with Max-Q Design
    version: "Direct3D 11.0 [level 11.1]"
    id: 7308
    vendor_id: "4318"
    vendor_name: NVIDIA
    memory_size: 4021
    api_type: Direct3D11
    multi_threaded_rendering: true
    npot_support: Full
    max_texture_size: 16384
    graphics_shader_level: Shader Model 5.0
    supports_draw_call_instancing: true
    supports_ray_tracing: false
    supports_compute_shaders: true
    supports_geometry_shaders: true
    type: gpu
  os:
    name: Windows 10  (10.0.19042) 64bit
    type: os
  runtime:
    name: Mono
    version: 5.11.0
    raw_description: Mono 5.11.0 (Visual Studio built mono)
    type: runtime
  unity:
    install_mode: Editor
    type: unity
breadcrumbs:
  values:
    - timestamp: 1625127430.945
      type: default
      category: scene.beforeload
      level: info
      message: BeforeSceneLoad
      data:
        scene: 1_BugfarmScene
    - timestamp: 1625127430.952
      type: default
      category: unity.logger
      level: error
      message: "Exception: This is an exception"
exception:
  values:
    - type: Exception
      value: This is an exception
      stacktrace:
        frames:
          - function: "UnityEngine.SetupCoroutine:InvokeMoveNext(IEnumerator, IntPtr)"
            in_app: false
          - function: "Sentry.Unity.Tests.<BugFarmScene_EventCaptured_IncludesApplicationVersionAsRelease_WhenProductNameWhitespace>d__3:MoveNext()"
            filename: IntegrationTests.cs
            abs_path: "C:/Projects/Unity/sentry-unity/test/Sentry.Unity.Tests/IntegrationTests.cs"
            lineno: 96
            in_app: true
          - function: "UnityEngine.GameObject:SendMessage(String)"
            in_app: false
          - function: Sentry.Unity.Tests.TestBehaviours.TestMonoBehaviour.TestException
            raw_function: Sentry.Unity.Tests.TestBehaviours.TestMonoBehaviour.TestException ()
            filename: TestMonoBehaviour.cs
            abs_path: "C:/Projects/Unity/sentry-unity/test/Sentry.Unity.Tests/TestBehaviours/TestMonoBehaviour.cs"
            lineno: 12
            in_app: true
tags:
  - - device
    - XPS 15 9570 (Dell Inc.)
  - - gpu.name
    - NVIDIA GeForce GTX 1050 Ti with Max-Q Design
  - - gpu.vendor
    - NVIDIA
  - - level
    - error
  - - os.name
    - Windows 10  (10.0.19042) 64bit
  - - runtime
    - Mono 5.11.0
  - - runtime.name
    - Mono
  - - source
    - log
  - - unity.device.device_type
    - Desktop
  - - unity.gpu.supports_instancing
    - "true"
  - - unity.install_mode
    - Editor
sdk:
  name: sentry.dotnet.unity
  version: 0.3.1
  packages:
    - name: "nuget:Sentry"
      version: 3.6.0
    - name: "upm:sentry.unity"
      version: 0.3.1
_meta:
  contexts:
    device:
      boot_time:
        "":
          rem:
            - - "@anything:remove"
              - x
      memory_size:
        "":
          rem:
            - - "@anything:remove"
              - x
      timezone:
        "":
          rem:
            - - "@anything:remove"
              - x

